============================= test session starts =============================
platform win32 -- Python 3.13.3, pytest-9.0.2, pluggy-1.6.0 -- I:\01-Master_Code\Apps\AuroraGraph9D\.venv\Scripts\python.exe
cachedir: .pytest_cache
rootdir: I:\01-Master_Code\Apps\AuroraGraph9D
configfile: pyproject.toml
plugins: anyio-4.12.1, dash-4.0.0
collecting ... collected 1 item

tests/test_parsers.py::test_extract_chunks_text FAILED                   [100%]

================================== FAILURES ===================================
__________________________ test_extract_chunks_text ___________________________

tmp_path = WindowsPath('C:/Users/ASCC/AppData/Local/Temp/pytest-of-ASCC/pytest-99/test_extract_chunks_text0')

    def test_extract_chunks_text(tmp_path):
        text_file = tmp_path / "test.txt"
        # Create text large enough to be chunked into parts depending on newlines
        content = "# Section 1\n" + ("This is a sentence with enough valid words over and over. " * 30) + "\n\n# Section 2\n" + ("Another sentence that will definitely pass the NLP filter threshold reliably. " * 30)
        text_file.write_text(content, encoding="utf-8")
    
        chunks = extract_chunks(str(text_file))
>       assert len(chunks) >= 2
E       AssertionError: assert 1 >= 2
E        +  where 1 = len([{'content': 'NLP filter threshold reliably. Another sentence that will definitely pass the NLP filter threshold reliably. Another sentence that will definitely pass the NLP filter threshold reliably. Another sentence that will definitely pass the NLP filter threshold reliably. Another sentence that will definitely pass the NLP filter threshold reliably.', 'filename': 'test.txt', 'metadata': {'chunk_index': 3}}])

tests\test_parsers.py:38: AssertionError
============================== warnings summary ===============================
<frozen importlib._bootstrap>:488
  <frozen importlib._bootstrap>:488: DeprecationWarning: builtin type SwigPyPacked has no __module__ attribute

<frozen importlib._bootstrap>:488
  <frozen importlib._bootstrap>:488: DeprecationWarning: builtin type SwigPyObject has no __module__ attribute

-- Docs: https://docs.pytest.org/en/stable/how-to/capture-warnings.html
=========================== short test summary info ===========================
FAILED tests/test_parsers.py::test_extract_chunks_text - AssertionError: asse...
======================== 1 failed, 2 warnings in 1.53s ========================
uv : <sys>:0: DeprecationWarning: builtin type swigvarlink has no __module__ attribute
At line:1 char:1
+ uv run pytest tests/test_parsers.py::test_extract_chunks_text -v > te ...
+ ~~~~~~~~~~~~~~~~~~~~~~~~~~~~~~~~~~~~~~~~~~~~~~~~~~~~~~~~~~~~~~~~~~~~~
    + CategoryInfo          : NotSpecified: (<sys>:0: Deprec...ule__ attribute:String) [], RemoteException
    + FullyQualifiedErrorId : NativeCommandError
 
